
Update a shipper.

See: https://google.aip.dev/134 (Standard methods: Update).

USAGE
  update-shipper <command>

ARGUMENT FLAGS
  --shipper.name               string      Resource name of the shipper
  --shipper.display-name  [R]  string      Display name of the shipper
  --update-mask                field-mask  List of fields to be updated

CONNECTION FLAGS
  --address        string  Connect to address
  --force-trace    bool    Enable forced Google Cloud Trace header
  --insecure       bool    Make insecure connection (only on localhost)
  --token          string  Authenticate with a bearer token

OTHER FLAGS
  -f  --from-file    string  path to a JSON file containing the request payload
  -h  --help         bool    Show help for command
  -v  --verbose      bool    Enable verbose output
