
Retrieves multiple maps by their names.

USAGE
  batch-get-maps <command>

ARGUMENT FLAGS
  --names  [R]  [string]  Required

CONNECTION FLAGS
  --address        string  Connect to address
  --force-trace    bool    Enable forced Google Cloud Trace header
  --insecure       bool    Make insecure connection (only on localhost)
  --token          string  Authenticate with a bearer token

OTHER FLAGS
  -f  --from-file    string  path to a JSON file containing the request payload
  -h  --help         bool    Show help for command
  -v  --verbose      bool    Enable verbose output
